// Jest Snapshot v1, https://goo.gl/fbAQLP

exports[`LogoRounded component should render successfully with LogoRounded 1`] = `
<View
  bgColor="#000"
  style={
    [
      {
        "alignItems": "center",
        "backgroundColor": "#000",
        "borderRadius": 16,
        "display": "flex",
        "height": 104,
        "justifyContent": "center",
        "marginTop": 10,
        "width": 104,
      },
    ]
  }
>
  <Image
    source={
      {
        "uri": undefined,
      }
    }
    style={
      [
        {
          "height": "100%",
          "maxWidth": 104,
          "width": "100%",
        },
      ]
    }
  />
</View>
`;
