// Jest Snapshot v1, https://goo.gl/fbAQLP

exports[`Header component should render successfully  1`] = `
[
  <View
    style={
      {
        "backgroundColor": "#F2F2F2",
        "display": "flex",
        "flexDirection": "row",
        "justifyContent": "space-between",
        "paddingHorizontal": 16,
        "paddingTop": 40,
        "width": "100%",
      }
    }
  >
    <Image
      source={
        {
          "testUri": "../../../assets/imgs/user.png",
        }
      }
      style={
        {
          "height": 40,
          "width": 40,
        }
      }
    />
    <Image
      source={
        {
          "testUri": "../../../assets/icons/search.png",
        }
      }
      style={
        {
          "height": 24,
          "width": 24,
        }
      }
    />
  </View>,
  <View
    style={
      {
        "backgroundColor": "#F2F2F2",
        "display": "flex",
        "flexDirection": "row",
        "justifyContent": "space-between",
        "paddingHorizontal": 16,
        "paddingTop": 40,
        "width": "100%",
      }
    }
  >
    <View
      style={
        {
          "flexDirection": "column",
        }
      }
    >
      <Image
        source={
          {
            "testUri": "../../../assets/imgs/logo.png",
          }
        }
        style={
          {
            "height": 88,
            "width": 118,
          }
        }
      />
      <Text
        style={
          {
            "fontFamily": "Gotham-Bold",
          }
        }
      >
        DELIVER APP
      </Text>
    </View>
    <View
      style={
        {
          "flexDirection": "row",
          "marginBottom": -16,
        }
      }
    >
      <View
        collapsable={false}
        style={
          {
            "left": -30,
            "opacity": 0,
            "position": "absolute",
            "top": -40,
            "transform": [
              {
                "rotate": "0deg",
              },
            ],
          }
        }
      >
        <Image
          source={
            {
              "testUri": "../../../assets/icons/starCross.png",
            }
          }
          style={
            {
              "height": 12,
              "width": 12,
            }
          }
        />
      </View>
      <View
        collapsable={false}
        style={
          {
            "left": 10,
            "opacity": 0,
            "position": "absolute",
            "top": -70,
          }
        }
      >
        <Image
          source={
            {
              "testUri": "../../../assets/icons/starCross.png",
            }
          }
          style={
            {
              "height": 12,
              "width": 12,
            }
          }
        />
      </View>
      <Image
        source={
          {
            "testUri": "../../../assets/imgs/hand.png",
          }
        }
        style={
          {
            "height": 181,
            "top": -16,
            "width": 118,
          }
        }
      />
      <View
        collapsable={false}
        style={
          {
            "opacity": 0,
            "position": "absolute",
            "right": 20,
            "top": -40,
            "transform": [
              {
                "rotate": "0deg",
              },
            ],
          }
        }
      >
        <Image
          source={
            {
              "testUri": "../../../assets/icons/starCross.png",
            }
          }
          style={
            {
              "height": 12,
              "width": 12,
            }
          }
        />
      </View>
      <View
        collapsable={false}
        style={
          {
            "opacity": 0,
            "position": "absolute",
            "right": 5,
            "top": 2,
            "transform": [
              {
                "rotate": "0deg",
              },
            ],
          }
        }
      >
        <Image
          source={
            {
              "testUri": "../../../assets/icons/starCross.png",
            }
          }
          style={
            {
              "height": 12,
              "width": 12,
            }
          }
        />
      </View>
      <View
        collapsable={false}
        style={
          {
            "position": "absolute",
            "transform": [
              {
                "translateX": 0,
              },
            ],
            "zIndex": -1,
          }
        }
      >
        <Image
          source={
            {
              "testUri": "../../../assets/imgs/moto.png",
            }
          }
          style={
            {
              "height": 130,
              "width": 106,
            }
          }
        />
      </View>
      <View
        style={
          {
            "height": 6,
            "top": "100%",
          }
        }
      >
        <Image
          source={
            {
              "testUri": "../../../assets/icons/ellipse.png",
            }
          }
          style={
            {
              "height": 6,
              "width": 28,
            }
          }
        />
      </View>
    </View>
  </View>,
]
`;
