// Jest Snapshot v1, https://goo.gl/fbAQLP

exports[`HeaderRestaurant component should render successfully with HeaderRestaurant_mock 1`] = `
<View
  style={
    [
      {
        "alignItems": "center",
        "backgroundColor": "#D4F9F5",
        "display": "flex",
        "flexDirection": "row",
        "justifyContent": "space-between",
        "minWidth": "100%",
        "paddingBottom": 32,
        "paddingLeft": 24,
        "paddingRight": 24,
        "paddingTop": 60,
      },
    ]
  }
>
  <View
    style={
      [
        {
          "alignItems": "center",
          "display": "flex",
          "flexDirection": "row",
        },
      ]
    }
  >
    <View
      accessibilityValue={
        {
          "max": undefined,
          "min": undefined,
          "now": undefined,
          "text": undefined,
        }
      }
      accessible={true}
      focusable={true}
      hitSlop={
        {
          "bottom": 20,
          "left": 50,
          "right": 50,
          "top": 20,
        }
      }
      onClick={[Function]}
      onResponderGrant={[Function]}
      onResponderMove={[Function]}
      onResponderRelease={[Function]}
      onResponderTerminate={[Function]}
      onResponderTerminationRequest={[Function]}
      onStartShouldSetResponder={[Function]}
    >
      <View>
        <Image
          source={
            {
              "testUri": "../../../assets/icons/back.png",
            }
          }
          style={
            {
              "height": 24,
              "width": 24,
            }
          }
        />
      </View>
    </View>
    <View
      style={
        [
          {
            "marginLeft": 16,
          },
        ]
      }
    >
      <Text
        style={
          [
            {
              "color": "#008f76",
              "fontSize": 12,
            },
            {
              "fontFamily": "Gotham-Bold",
            },
          ]
        }
      >
        Tu ubicaci√≥n cercana
      </Text>
      <Text
        numberOfLines={1}
        style={
          [
            {
              "color": "#008f76",
              "fontSize": 18,
              "width": 250,
            },
            {
              "fontFamily": "Gotham-Light",
            },
          ]
        }
      />
    </View>
  </View>
  <View>
    <Image
      source={
        {
          "testUri": "../../../assets/icons/search.png",
        }
      }
      style={
        {
          "height": 24,
          "width": 24,
        }
      }
    />
  </View>
</View>
`;
